[    0.000000] Booting Linux on physical CPU 0x0
[    0.000000] Linux version 6.6.9-00205-g3565a579b978-dirty (oe-user@oe-host) (arm-poky-linux-gnueabi-gcc (GCC) 13.4.0, GNU ld (GNU Binutils) 2.42.0.20240723) #1 SMP PREEMPT Tue Apr 30 21:07:04 UTC 2024
[    0.000000] CPU: ARMv7 Processor [511f06f0] revision 0 (ARMv7), cr=10c5787d
[    0.000000] CPU: div instructions available: patching division code
[    0.000000] CPU: PIPT / VIPT nonaliasing data cache, PIPT instruction cache
[    0.000000] OF: fdt: Machine model: Qualcomm APQ8064/IFC6410
[    0.000000] Memory policy: Data cache writealloc
[    0.000000] OF: reserved mem: 0x80000000..0x801fffff (2048 KiB) nomap non-reusable smem@80000000
[    0.000000] OF: reserved mem: 0x8f000000..0x8f6fffff (7168 KiB) nomap non-reusable wcnss@8f000000
[    0.000000] cma: Reserved 64 MiB at 0xfbc00000 on node -1
[    0.000000] Zone ranges:
[    0.000000]   Normal   [mem 0x0000000080200000-0x00000000afffffff]
[    0.000000]   HighMem  [mem 0x00000000b0000000-0x00000000ffffefff]
[    0.000000] Movable zone start for each node
[    0.000000] Early memory node ranges
[    0.000000]   node   0: [mem 0x0000000080200000-0x0000000088dfffff]
[    0.000000]   node   0: [mem 0x000000008a000000-0x000000008d9fffff]
[    0.000000]   node   0: [mem 0x000000008ec00000-0x000000008effffff]
[    0.000000]   node   0: [mem 0x000000008f700000-0x000000008fdfffff]
[    0.000000]   node   0: [mem 0x0000000090000000-0x00000000ffffefff]
[    0.000000] Initmem setup node 0 [mem 0x0000000080200000-0x00000000ffffefff]
[    0.000000] On node 0, zone Normal: 512 pages in unavailable ranges
[    0.000000] On node 0, zone Normal: 512 pages in unavailable ranges
[    0.000000] On node 0, zone Normal: 512 pages in unavailable ranges
[    0.000000] On node 0, zone Normal: 768 pages in unavailable ranges
[    0.000000] On node 0, zone Normal: 512 pages in unavailable ranges
[    0.000000] percpu: Embedded 18 pages/cpu s43028 r8192 d22508 u73728
[    0.000000] pcpu-alloc: s43028 r8192 d22508 u73728 alloc=18*4096
[    0.000000] pcpu-alloc: [0] 0 [0] 1 [0] 2 [0] 3 
[    0.000000] Kernel command line: root=/dev/sda1 rw rootwait console=ttyMSM0,115200n8 libata.force=1.5Gbps,noncq systemd.unit=multi-user.target systemd.unified_cgroup_hierarchy=1 androidboot.emmc=true androidboot.serialno=153d82c androidboot.baseband=apq
[    0.000000] Dentry cache hash table entries: 131072 (order: 7, 524288 bytes, linear)
[    0.000000] Inode-cache hash table entries: 65536 (order: 6, 262144 bytes, linear)
[    0.000000] Built 1 zonelists, mobility grouping on.  Total pages: 510531
[    0.000000] mem auto-init: stack:all(zero), heap alloc:off, heap free:off
[    0.000000] Memory: 1938276K/2049020K available (15360K kernel code, 1987K rwdata, 6404K rodata, 1024K init, 282K bss, 45208K reserved, 65536K cma-reserved, 1245180K highmem)
[    0.000000] SLUB: HWalign=64, Order=0-3, MinObjects=0, CPUs=4, Nodes=1
[    0.000000] trace event string verifier disabled
[    0.000000] rcu: Preemptible hierarchical RCU implementation.
[    0.000000] rcu: 	RCU event tracing is enabled.
[    0.000000] 	Trampoline variant of Tasks RCU enabled.
[    0.000000] 	Tracing variant of Tasks RCU enabled.
[    0.000000] rcu: RCU calculated value of scheduler-enlistment delay is 10 jiffies.
[    0.000000] NR_IRQS: 16, nr_irqs: 16, preallocated irqs: 16
[    0.000000] rcu: srcu_init: Setting srcu_struct sizes based on contention.
[    0.000000] clocksource: dg_timer: mask: 0xffffffff max_cycles: 0xffffffff, max_idle_ns: 283149695806 ns
[    0.000001] sched_clock: 32 bits at 7MHz, resolution 148ns, wraps every 318145725365ns
[    0.000021] Switching to timer-based delay loop, resolution 148ns
[    0.000759] Console: colour dummy device 80x30
[    0.000817] Calibrating delay loop (skipped), value calculated using timer frequency.. 13.50 BogoMIPS (lpj=67500)
[    0.000844] CPU: Testing write buffer coherency: ok
[    0.000904] pid_max: default: 32768 minimum: 301
[    0.001141] Mount-cache hash table entries: 2048 (order: 1, 8192 bytes, linear)
[    0.001173] Mountpoint-cache hash table entries: 2048 (order: 1, 8192 bytes, linear)
[    0.002821] CPU0: thread -1, cpu 0, socket 0, mpidr 80000000
[    0.002863] qcom_scm: convention: smc legacy
[    0.004963] RCU Tasks: Setting shift to 2 and lim to 1 rcu_task_cb_adjust=1.
[    0.005162] RCU Tasks Trace: Setting shift to 2 and lim to 1 rcu_task_cb_adjust=1.
[    0.005408] Setting up static identity map for 0x80300000 - 0x80300060
[    0.005682] rcu: Hierarchical SRCU implementation.
[    0.005692] rcu: 	Max phase no-delay instances is 1000.
[    0.008205] smp: Bringing up secondary CPUs ...
[    0.010465] CPU1: thread -1, cpu 1, socket 0, mpidr 80000001
[    0.013025] CPU2: thread -1, cpu 2, socket 0, mpidr 80000002
[    0.015495] CPU3: thread -1, cpu 3, socket 0, mpidr 80000003
[    0.015871] smp: Brought up 1 node, 4 CPUs
[    0.015889] SMP: Total of 4 processors activated (54.00 BogoMIPS).
[    0.015905] CPU: All CPU(s) started in SVC mode.
[    0.018215] devtmpfs: initialized
[    0.036259] VFP support v0.3: implementor 51 architecture 64 part 6f variant 1 rev 0
[    0.036674] clocksource: jiffies: mask: 0xffffffff max_cycles: 0xffffffff, max_idle_ns: 19112604462750000 ns
[    0.036710] futex hash table entries: 1024 (order: 4, 65536 bytes, linear)
[    0.040908] pinctrl core: initialized pinctrl subsystem
[    0.043499] NET: Registered PF_NETLINK/PF_ROUTE protocol family
[    0.045669] DMA: preallocated 256 KiB pool for atomic coherent allocations
[    0.047870] thermal_sys: Registered thermal governor 'step_wise'
[    0.048010] cpuidle: using governor menu
[    0.048859] hw-breakpoint: found 5 (+1 reserved) breakpoint and 4 watchpoint registers.
[    0.048880] hw-breakpoint: maximum watchpoint size is 8 bytes.
[    0.064163] platform 800000.pinctrl: Fixed dependency cycle(s) with /soc/pinctrl@800000/ps_hold
[    0.077153] platform 900000.clock-controller: Fixed dependency cycle(s) with /soc/clock-controller@28000000
[    0.081540] platform 4000000.clock-controller: Fixed dependency cycle(s) with /soc/phy@4a00400
[    0.083631] qcom_rpm 108000.rpm: RPM firmware 3.0.16842958
[    0.096835] platform 108000.rpm:regulators: Fixed dependency cycle(s) with /soc/rpm@108000/regulators/s7
[    0.096874] platform 108000.rpm:regulators: Fixed dependency cycle(s) with /soc/rpm@108000/regulators/s1
[    0.096904] platform 108000.rpm:regulators: Fixed dependency cycle(s) with /soc/rpm@108000/regulators/s4
[    0.097443] platform 12500000.usb: Fixed dependency cycle(s) with /soc/usb@12500000/ulpi/phy
[    0.097947] platform 12520000.usb: Fixed dependency cycle(s) with /soc/usb@12520000/ulpi/phy
[    0.098454] platform 12530000.usb: Fixed dependency cycle(s) with /soc/usb@12530000/ulpi/phy
[    0.106911] platform 5100000.display-controller: Fixed dependency cycle(s) with /soc/hdmi-tx@4a00000/ports/port@0/endpoint
[    0.110906] platform soc:replicator: Fixed dependency cycle(s) with /soc/tpiu@1a03000/in-ports/port/endpoint
[    0.110950] platform soc:replicator: Fixed dependency cycle(s) with /soc/etb@1a01000/in-ports/port/endpoint
[    0.112891] amba 1a04000.funnel: Fixed dependency cycle(s) with /soc/replicator/in-ports/port/endpoint
[    0.114781] amba 1a1c000.etm: Fixed dependency cycle(s) with /soc/funnel@1a04000/in-ports/port@0/endpoint
[    0.116683] amba 1a1d000.etm: Fixed dependency cycle(s) with /soc/funnel@1a04000/in-ports/port@1/endpoint
[    0.118568] amba 1a1e000.etm: Fixed dependency cycle(s) with /soc/funnel@1a04000/in-ports/port@4/endpoint
[    0.120470] amba 1a1f000.etm: Fixed dependency cycle(s) with /soc/funnel@1a04000/in-ports/port@5/endpoint
[    0.121168] platform hdmi-out: Fixed dependency cycle(s) with /soc/hdmi-tx@4a00000/ports/port@1/endpoint
[    0.123429] kprobes: kprobe jump-optimization is enabled. All kprobes are optimized if possible.
[    0.128862] iommu: Default domain type: Translated
[    0.128878] iommu: DMA domain TLB invalidation policy: strict mode
[    0.129938] SCSI subsystem initialized
[    0.131732] s1: Bringing 0uV into 1225000-1225000uV
[    0.131989] libata version 3.00 loaded.
[    0.132598] usbcore: registered new interface driver usbfs
[    0.132689] usbcore: registered new interface driver hub
[    0.132813] usbcore: registered new device driver usb
[    0.132929] s2: Bringing 0uV into 1300000-1300000uV
[    0.133133] pps_core: LinuxPPS API ver. 1 registered
[    0.133146] pps_core: Software ver. 5.3.6 - Copyright 2005-2007 Rodolfo Giometti <giometti@linux.it>
[    0.133195] PTP clock support registered
[    0.134269] s3: Bringing 0uV into 1000000-1000000uV
[    0.134727] s4: Bringing 0uV into 1800000-1800000uV
[    0.135389] s7: Bringing 0uV into 1300000-1300000uV
[    0.136250] s8: Bringing 0uV into 2050000-2050000uV
[    0.136895] Advanced Linux Sound Architecture Driver Initialized.
[    0.138365] l3: Bringing 0uV into 3050000-3050000uV
[    0.138390] Bluetooth: Core ver 2.22
[    0.138476] NET: Registered PF_BLUETOOTH protocol family
[    0.138489] Bluetooth: HCI device and connection manager initialized
[    0.138514] Bluetooth: HCI socket layer initialized
[    0.138535] Bluetooth: L2CAP socket layer initialized
[    0.138579] Bluetooth: SCO socket layer initialized
[    0.139060] l4: Bringing 0uV into 1000000-1000000uV
[    0.139760] l5: Bringing 0uV into 2750000-2750000uV
[    0.140419] l6: Bringing 0uV into 2950000-2950000uV
[    0.142502] vgaarb: loaded
[    0.143637] clocksource: Switched to clocksource dg_timer
[    0.150655] l23: Bringing 0uV into 1700000-1700000uV
[    0.176850] NET: Registered PF_INET protocol family
[    0.177290] IP idents hash table entries: 16384 (order: 5, 131072 bytes, linear)
[    0.180056] tcp_listen_portaddr_hash hash table entries: 512 (order: 0, 4096 bytes, linear)
[    0.180095] Table-perturb hash table entries: 65536 (order: 6, 262144 bytes, linear)
[    0.180387] TCP established hash table entries: 8192 (order: 3, 32768 bytes, linear)
[    0.180463] TCP bind hash table entries: 8192 (order: 5, 131072 bytes, linear)
[    0.180799] TCP: Hash tables configured (established 8192 bind 8192)
[    0.180982] UDP hash table entries: 512 (order: 2, 16384 bytes, linear)
[    0.181036] UDP-Lite hash table entries: 512 (order: 2, 16384 bytes, linear)
[    0.181329] NET: Registered PF_UNIX/PF_LOCAL protocol family
[    0.182564] RPC: Registered named UNIX socket transport module.
[    0.182585] RPC: Registered udp transport module.
[    0.182594] RPC: Registered tcp transport module.
[    0.182603] RPC: Registered tcp-with-tls transport module.
[    0.182612] RPC: Registered tcp NFSv4.1 backchannel transport module.
[    0.184928] PCI: CLS 0 bytes, default 64
[    0.185832] Trying to unpack rootfs image as initramfs...
[    0.186067] rootfs image is not initramfs (invalid magic at start of compressed archive); looks like an initrd
[    0.186210] Freeing initrd memory: 4K
[    0.194237] hw perfevents: enabled with armv7_krait PMU driver, 5 counters available
[    0.197673] Initialise system trusted keyrings
[    0.198279] workingset: timestamp_bits=14 max_order=19 bucket_order=5
[    0.199695] NFS: Registering the id_resolver key type
[    0.199778] Key type id_resolver registered
[    0.199793] Key type id_legacy registered
[    0.201743] Key type cifs.idmap registered
[    0.201782] jffs2: version 2.2. (NAND) © 2001-2006 Red Hat, Inc.
[    0.202391] fuse: init (API version 7.39)
[    0.345195] Key type asymmetric registered
[    0.345219] Asymmetric key parser 'x509' registered
[    0.345417] bounce: pool size: 64 pages
[    0.345517] Block layer SCSI generic (bsg) driver version 0.4 loaded (major 248)
[    0.346023] io scheduler mq-deadline registered
[    0.346042] io scheduler kyber registered
[    0.346138] io scheduler bfq registered
[    0.365639] qcom-pcie 1b500000.pci: host bridge /soc/pci@1b500000 ranges:
[    0.365749] qcom-pcie 1b500000.pci:       IO 0x000fe00000..0x000fefffff -> 0x0000000000
[    0.365804] qcom-pcie 1b500000.pci:      MEM 0x0008000000..0x000fdfffff -> 0x0008000000
[    0.388558] gsbi 12440000.gsbi: GSBI port protocol: 2 crci: 0
[    0.390890] gsbi 16200000.gsbi: GSBI port protocol: 2 crci: 0
[    0.392878] gsbi 16300000.gsbi: GSBI port protocol: 2 crci: 0
[    0.395071] gsbi 1a200000.gsbi: GSBI port protocol: 3 crci: 0
[    0.397089] gsbi 16500000.gsbi: GSBI port protocol: 4 crci: 0
[    0.399270] gsbi 16600000.gsbi: GSBI port protocol: 6 crci: 0
[    0.406551] msm_serial 16540000.serial: msm_serial: detected port #1
[    0.406617] msm_serial 16540000.serial: uartclk = 27000000
[    0.407367] 16540000.serial: ttyMSM1 at MMIO 0x16540000 (irq = 33, base_baud = 1687500) is a MSM
[    0.408560] msm_serial 16640000.serial: msm_serial: detected port #0
[    0.408615] msm_serial 16640000.serial: uartclk = 1843200
[    0.409267] 16640000.serial: ttyMSM0 at MMIO 0x16640000 (irq = 34, base_baud = 115200) is a MSM
[    0.409324] msm_serial: console setup on port #0
[    0.409434] printk: console [ttyMSM0] enabled
[    1.538670] qcom-pcie 1b500000.pci: iATU: unroll F, 8 ob, 8 ib, align 4K, limit 4G
[    1.539478] msm_serial: driver initialized
[    1.552418] reg-dummy reg-dummy: Adding to iommu group 0
[    1.554290] platform regulatory.0: Adding to iommu group 1
[    1.559487] msm_iommu: device mapped at (ptrval), irq 36 with 2 ctx banks
[    1.566073] msm_iommu: device mapped at (ptrval), irq 37 with 2 ctx banks
[    1.572835] msm_iommu: device mapped at (ptrval), irq 38 with 3 ctx banks
[    1.579716] msm_iommu: device mapped at (ptrval), irq 39 with 3 ctx banks
[    1.595297] adreno 4300000.adreno-3xx: Adding to iommu group 2
[    1.596264] mdp4 5100000.display-controller: Adding to iommu group 3
[    1.622864] brd: module loaded
[    1.634754] loop: module loaded
[    1.635410] ssbi c00000.ssbi: SSBI controller type: 'pmic-arbiter'
[    1.637664] pm8xxx_probe: PMIC revision 1: F3
[    1.642779] qcom-pcie 1b500000.pci: PCIe Gen.1 x1 link up
[    1.642961] pm8xxx_probe: PMIC revision 2: 0B
[    1.648222] qcom-pcie 1b500000.pci: PCI host bridge to bus 0000:00
[    1.654876] ssbi 500000.ssbi: SSBI controller type: 'pmic-arbiter'
[    1.657491] pci_bus 0000:00: root bus resource [bus 00-ff]
[    1.664158] pm8xxx_probe: PMIC revision 1: F4
[    1.669431] pci_bus 0000:00: root bus resource [io  0x0000-0xfffff]
[    1.674912] pm8xxx_probe: PMIC revision 2: 06
[    1.679247] pci_bus 0000:00: root bus resource [mem 0x08000000-0x0fdfffff]
[    1.689904] pci 0000:00:00.0: [17cb:0101] type 01 class 0x060400
[    1.690518] platform 500000.ssbi:pmic:mpps@50: Fixed dependency cycle(s) with /soc/ssbi@500000/pmic/mpps@50/bt-en-pin
[    1.696871] pci 0000:00:00.0: supports D1
[    1.707227] SCSI Media Changer driver v0.25 
[    1.713345] pci 0000:00:00.0: PME# supported from D0 D1 D3hot
[    1.717985] ahci 29000000.sata: supply ahci not found, using dummy regulator
[    1.727781] PCI: bus0: Fast back to back transfers disabled
[    1.727816] ahci 29000000.sata: supply phy not found, using dummy regulator
[    1.734944] pci 0000:01:00.0: [1969:1083] type 00 class 0x020000
[    1.741002] ahci 29000000.sata: forcing port_map 0x0 -> 0x1
[    1.746958] pci 0000:01:00.0: reg 0x10: [mem 0x08000000-0x0803ffff 64bit]
[    1.752899] ahci 29000000.sata: AHCI 0001.0300 32 slots 1 ports 1.5 Gbps 0x1 impl platform mode
[    1.758328] pci 0000:01:00.0: reg 0x18: [io  0x1000-0x107f]
[    1.765162] ahci 29000000.sata: flags: ncq sntf pm led clo only pmp pio slum part ccc apst 
[    1.774183] pci 0000:01:00.0: [Firmware Bug]: disabling VPD access (can't determine size of non-standard VPD format)
[    1.787587] pci 0000:01:00.0: quirk_blacklist_vpd+0x0/0x1c took 13091 usecs
[    1.789189] scsi host0: ahci
[    1.799086] pci 0000:01:00.0: PME# supported from D0 D1 D2 D3hot D3cold
[    1.805384] ata1: FORCE: PHY spd limit set to 1.5Gbps
[    1.814480] ata1: SATA max UDMA/133 mmio [mem 0x29000000-0x2900017f] port 0x100 irq 42
[    1.821504] spi_qup 1a280000.spi: IN:block:16, fifo:64, OUT:block:16, fifo:64
[    1.832277] SLIP: version 0.8.4-NET3.019-NEWTTY (dynamic channels, max=256) (6 bit encapsulation enabled).
[    1.834097] PCI: bus1: Fast back to back transfers disabled
[    1.834777] CSLIP: code copyright 1989 Regents of the University of California.
[    1.844297] pci 0000:00:00.0: BAR 8: assigned [mem 0x08000000-0x080fffff]
[    1.849761] usbcore: registered new interface driver rtl8150
[    1.857028] pci 0000:00:00.0: BAR 7: assigned [io  0x1000-0x1fff]
[    1.863994] usbcore: registered new device driver r8152-cfgselector
[    1.869621] pci 0000:01:00.0: BAR 0: assigned [mem 0x08000000-0x0803ffff 64bit]
[    1.875719] usbcore: registered new interface driver r8152
[    1.881810] pci 0000:01:00.0: BAR 2: assigned [io  0x1000-0x107f]
[    1.889084] usbcore: registered new interface driver asix
[    1.894648] pci 0000:00:00.0: PCI bridge to [bus 01-ff]
[    1.900740] usbcore: registered new interface driver ax88179_178a
[    1.906131] pci 0000:00:00.0:   bridge window [io  0x1000-0x1fff]
[    1.911153] usbcore: registered new interface driver cdc_ether
[    1.917425] pci 0000:00:00.0:   bridge window [mem 0x08000000-0x080fffff]
[    1.923476] usbcore: registered new interface driver net1080
[    1.929787] atl1c 0000:01:00.0: enabling device (0140 -> 0142)
[    1.936117] usbcore: registered new interface driver cdc_subset
[    1.947548] usbcore: registered new interface driver cdc_ncm
[    1.953254] usbcore: registered new interface driver r8153_ecm
[    1.960980] usbcore: registered new interface driver uas
[    1.964885] usbcore: registered new interface driver usb-storage
[    1.970334] usbcore: registered new interface driver usbserial_generic
[    1.976337] usbserial: USB Serial support registered for generic
[    2.030650] ci_hdrc ci_hdrc.1: EHCI Host Controller
[    2.031126] ci_hdrc ci_hdrc.1: new USB bus registered, assigned bus number 1
[    2.063796] ci_hdrc ci_hdrc.1: USB 2.0 started, EHCI 1.00
[    2.064312] usb usb1: New USB device found, idVendor=1d6b, idProduct=0002, bcdDevice= 6.06
[    2.068190] usb usb1: New USB device strings: Mfr=3, Product=2, SerialNumber=1
[    2.076430] usb usb1: Product: EHCI Host Controller
[    2.083548] usb usb1: Manufacturer: Linux 6.6.9-00205-g3565a579b978-dirty ehci_hcd
[    2.088384] usb usb1: SerialNumber: ci_hdrc.1
[    2.097090] hub 1-0:1.0: USB hub found
[    2.100455] hub 1-0:1.0: 1 port detected
[    2.120035] ci_hdrc ci_hdrc.2: EHCI Host Controller
[    2.120423] ci_hdrc ci_hdrc.2: new USB bus registered, assigned bus number 2
[    2.153814] ci_hdrc ci_hdrc.2: USB 2.0 started, EHCI 1.00
[    2.154307] usb usb2: New USB device found, idVendor=1d6b, idProduct=0002, bcdDevice= 6.06
[    2.158204] usb usb2: New USB device strings: Mfr=3, Product=2, SerialNumber=1
[    2.158749] ata1: SATA link down (SStatus 0 SControl 310)
[    2.166463] usb usb2: Product: EHCI Host Controller
[    2.179125] usb usb2: Manufacturer: Linux 6.6.9-00205-g3565a579b978-dirty ehci_hcd
[    2.183789] usb usb2: SerialNumber: ci_hdrc.2
[    2.192310] hub 2-0:1.0: USB hub found
[    2.195942] hub 2-0:1.0: 1 port detected
[    2.203928] input: pmic8xxx_pwrkey as /devices/platform/soc/500000.ssbi/500000.ssbi:pmic/500000.ssbi:pmic:pwrkey@1c/input/input0
[    2.204901] i2c_dev: i2c /dev entries driver
[    2.217092] i2c_qup 16280000.i2c: using default clock-frequency 100000
[    2.220326] i2c_qup 16380000.i2c: using default clock-frequency 100000
[    2.229072] Bluetooth: HCI UART driver ver 2.3
[    2.232160] Bluetooth: HCI UART protocol H4 registered
[    2.236689] Bluetooth: HCI UART protocol BCSP registered
[    2.241750] Bluetooth: HCI UART protocol LL registered
[    2.247456] Bluetooth: HCI UART protocol ATH3K registered
[    2.252164] Bluetooth: HCI UART protocol Three-wire (H5) registered
[    2.257861] Bluetooth: HCI UART protocol Broadcom registered
[    2.263781] Bluetooth: HCI UART protocol QCA registered
[    2.270194] qcom-cpufreq-nvmem: probe of qcom-cpufreq-nvmem failed with error -2
[    2.274672] /cpus/cpu@0: unsupported enable-method property: qcom,kpss-acc-v1
[    2.284511] sdhci: Secure Digital Host Controller Interface driver
[    2.289189] sdhci: Copyright(c) Pierre Ossman
[    2.295343] sdhci-pltfm: SDHCI platform and OF driver helper
[    2.296231] mmci-pl18x 12180000.mmc: Got CD GPIO
[    2.300302] mmci-pl18x 121c0000.mmc: allocated mmc-pwrseq
[    2.306940] mmci-pl18x 12180000.mmc: mmc0: PL180 manf 51 rev0 at 0x12180000 irq 53,0 (pio)
[    2.310375] mmci-pl18x 12400000.mmc: mmc2: PL180 manf 51 rev0 at 0x12400000 irq 55,0 (pio)
[    2.310878] mmci-pl18x 121c0000.mmc: mmc1: PL180 manf 51 rev0 at 0x121c0000 irq 54,0 (pio)
[    2.332875] ledtrig-cpu: registered to indicate activity on CPUs
[    2.340546] usbcore: registered new interface driver usbhid
[    2.341181] mmci-pl18x 121c0000.mmc: DMA channels RX dma1chan1, TX dma1chan2
[    2.346254] usbhid: USB HID core driver
[    2.360033] mmci-pl18x 12180000.mmc: DMA channels RX dma0chan1, TX dma0chan2
[    2.363212] SPI driver bmp280 has no spi_device_id for bosch,bmp085
[    2.370890] mmci-pl18x 12400000.mmc: DMA channels RX dma2chan1, TX dma2chan2
[    2.372944] usbcore: registered new interface driver snd-usb-audio
[    2.385995] NET: Registered PF_INET6 protocol family
[    2.393415] Segment Routing with IPv6
[    2.394176] In-situ OAM (IOAM) with IPv6
[    2.397751] sit: IPv6, IPv4 and MPLS over IPv4 tunneling driver
[    2.402839] NET: Registered PF_PACKET protocol family
[    2.403817] usb 1-1: new high-speed USB device number 2 using ci_hdrc
[    2.407342] Bridge firewalling registered
[    2.416588] mmc1: queuing unknown CIS tuple 0x01 [d9 01 ff] (3 bytes)
[    2.424991] Bluetooth: RFCOMM TTY layer initialized
[    2.429222] Bluetooth: RFCOMM socket layer initialized
[    2.430228] mmc1: queuing unknown CIS tuple 0x1a [01 01 00 02 07] (5 bytes)
[    2.434007] Bluetooth: RFCOMM ver 1.11
[    2.446051] Bluetooth: BNEP (Ethernet Emulation) ver 1.3
[    2.447558] mmc1: queuing unknown CIS tuple 0x1b [c1 41 30 30 ff ff 32 00] (8 bytes)
[    2.449778] Bluetooth: BNEP filters: protocol multicast
[    2.457844] mmc1: queuing unknown CIS tuple 0x14 [] (0 bytes)
[    2.462985] Bluetooth: BNEP socket layer initialized
[    2.471634] mmc1: new high speed SDIO card at address 0001
[    2.473888] Bluetooth: HIDP (Human Interface Emulation) ver 1.2
[    2.484267] Bluetooth: HIDP socket layer initialized
[    2.490135] Key type dns_resolver registered
[    2.495717] Registering SWP/SWPB emulation handler
[    2.513553] mmc2: new high speed MMC card at address 0001
[    2.517880] mmcblk2: mmc2:0001 SEM04G 3.69 GiB
[    2.529826] Loading compiled-in X.509 certificates
[    2.530395]  mmcblk2: p1 p2 p3 p4 p5 p6 p7 p8 p9 p10 p11 p12 p13 p14 p15 p16 p17 p18 p19 p20 p21
[    2.549989] mmcblk2boot0: mmc2:0001 SEM04G 2.00 MiB
[    2.553046] mmcblk2boot1: mmc2:0001 SEM04G 2.00 MiB
[    2.558827] mmcblk2rpmb: mmc2:0001 SEM04G 2.00 MiB, chardev (244:0)
[    2.613619] hdmi_msm 4a00000.hdmi-tx: failed to init hdcp: disabled
[    2.614399] mdp4 5100000.display-controller: bound 4a00000.hdmi-tx (ops msm_hdmi_ops)
[    2.620838] adreno 4300000.adreno-3xx: supply vdd not found, using dummy regulator
[    2.627180] adreno 4300000.adreno-3xx: supply vddcx not found, using dummy regulator
[    2.634672] adreno 4300000.adreno-3xx: [drm:msm_devfreq_init] *ERROR* Couldn't register GPU cooling device
[    2.637498] usb 1-1: New USB device found, idVendor=174c, idProduct=55aa, bcdDevice= 1.00
[    2.643254] mdp4 5100000.display-controller: failed to load adreno gpu
[    2.651795] usb 1-1: New USB device strings: Mfr=2, Product=3, SerialNumber=1
[    2.661036] mdp4 5100000.display-controller: failed to bind 4300000.adreno-3xx (ops a3xx_ops): -16
[    2.666407] usb 1-1: Product: ASM105x
[    2.682538] usb 1-1: Manufacturer: ASMT
[    2.682985] mdp4 5100000.display-controller: adev bind failed: -16
[    2.686197] usb 1-1: SerialNumber: 00000000000000000000
[    2.689643] hdmi_msm: probe of 4a00000.hdmi-tx failed with error -16
[    2.702266] cfg80211: Loading compiled-in X.509 certificates for regulatory database
[    2.709028] scsi host1: uas
[    2.713622] Loaded X.509 cert 'sforshee: 00b28ddf47aef9cea7'
[    2.717799] scsi 1:0:0:0: Direct-Access     ASMT     ASM105x          0    PQ: 0 ANSI: 6
[    2.720247] Loaded X.509 cert 'wens: 61c038651aabdcf94bd0ac7ff06c7248db18c600'
[    2.731502] sd 1:0:0:0: Attached scsi generic sg0 type 0
[    2.735024] clk: Disabling unused clocks
[    2.744499] sd 1:0:0:0: [sda] 500118192 512-byte logical blocks: (256 GB/238 GiB)
[    2.747508] ALSA device list:
[    2.748253] sd 1:0:0:0: [sda] 4096-byte physical blocks
[    2.755848]   No soundcards found.
[    2.764065] sd 1:0:0:0: [sda] Write Protect is off
[    2.767082] sd 1:0:0:0: [sda] Mode Sense: 43 00 00 00
[    2.767913] sd 1:0:0:0: [sda] Write cache: enabled, read cache: enabled, doesn't support DPO or FUA
[    2.768290] sd 1:0:0:0: [sda] Preferred minimum I/O size 4096 bytes
[    2.775905] sd 1:0:0:0: [sda] Optimal transfer size 33553920 bytes not a multiple of preferred minimum block size (4096 bytes)
[    2.808974]  sda: sda1
[    2.810993] sd 1:0:0:0: [sda] Attached SCSI disk
[    3.079951] ath6kl: ar6004 hw 3.0 sdio fw 3.5.0.349-1 api 5
[    3.080007] ath6kl: firmware supports: rsn-cap-override,64bit-rates,map-lp-endpoint,ratetable-mcs15,no-ip-checksum
[    3.093294] RAMDISK: Couldn't find valid RAM disk image starting at 0.
[    3.131664] EXT4-fs (sda1): mounted filesystem 411b477c-d9bd-4467-8ae8-dcb9bc4672d7 r/w with ordered data mode. Quota mode: disabled.
[    3.131791] VFS: Mounted root (ext4 filesystem) on device 8:1.
[    3.144585] devtmpfs: mounted
[    3.150879] Freeing unused kernel image (initmem) memory: 1024K
[    3.152648] Run /sbin/init as init process
[    3.157279]   with arguments:
[    3.157294]     /sbin/init
[    3.157305]   with environment:
[    3.157316]     HOME=/
[    3.157326]     TERM=linux
[    3.869132] systemd[1]: System time advanced to timestamp on /var/lib/systemd/timesync/clock: Tue 2026-09-22 20:26:49 PDT
[    4.055269] systemd[1]: systemd 257.13-1~deb13u1 running in system mode (+PAM +AUDIT +SELINUX +APPARMOR +IMA +IPE +SMACK +SECCOMP +GCRYPT -GNUTLS +OPENSSL +ACL +BLKID +CURL +ELFUTILS +FIDO2 +IDN2 -IDN +IPTC +KMOD +LIBCRYPTSETUP +LIBCRYPTSETUP_PLUGINS +LIBFDISK +PCRE2 +PWQUALITY +P11KIT +QRENCODE +TPM2 +BZIP2 +LZ4 +XZ +ZLIB +ZSTD -BPF_FRAMEWORK -BTF -XKBCOMMON -UTMP +SYSVINIT +LIBARCHIVE)
[    4.066494] systemd[1]: Detected architecture arm.
[    4.145205] systemd[1]: Hostname set to <ifc6410>.
[    5.731133] systemd[1]: Queued start job for default target multi-user.target.
[    5.791179] systemd[1]: Created slice system-getty.slice - Slice /system/getty.
[    5.830710] systemd[1]: Created slice system-modprobe.slice - Slice /system/modprobe.
[    5.870420] systemd[1]: Created slice system-serial\x2dgetty.slice - Slice /system/serial-getty.
[    5.909084] systemd[1]: Created slice user.slice - User and Session Slice.
[    5.945821] systemd[1]: Started systemd-ask-password-console.path - Dispatch Password Requests to Console Directory Watch.
[    5.985665] systemd[1]: Started systemd-ask-password-wall.path - Forward Password Requests to Wall Directory Watch.
[    6.026703] systemd[1]: Set up automount proc-sys-fs-binfmt_misc.automount - Arbitrary Executable File Formats File System Automount Point.
[    6.065638] systemd[1]: Expecting device dev-ttyMSM0.device - /dev/ttyMSM0...
[    6.105365] systemd[1]: Reached target cryptsetup.target - Local Encrypted Volumes.
[    6.145537] systemd[1]: Reached target integritysetup.target - Local Integrity Protected Volumes.
[    6.185683] systemd[1]: Reached target paths.target - Path Units.
[    6.226012] systemd[1]: Reached target slices.target - Slice Units.
[    6.265706] systemd[1]: Reached target veritysetup.target - Local Verity Protected Volumes.
[    6.431920] systemd[1]: Listening on rpcbind.socket - RPCbind Server Activation Socket.
[    6.486720] systemd[1]: Listening on systemd-creds.socket - Credential Encryption/Decryption.
[    6.526008] systemd[1]: Listening on systemd-initctl.socket - initctl Compatibility Named Pipe.
[    6.566154] systemd[1]: Listening on systemd-journald-dev-log.socket - Journal Socket (/dev/log).
[    6.606314] systemd[1]: Listening on systemd-journald.socket - Journal Sockets.
[    6.645318] systemd[1]: systemd-pcrextend.socket - TPM PCR Measurements skipped, unmet condition check ConditionSecurity=measured-uki
[    6.645658] systemd[1]: systemd-pcrlock.socket - Make TPM PCR Policy skipped, unmet condition check ConditionSecurity=measured-uki
[    6.657587] systemd[1]: Listening on systemd-udevd-control.socket - udev Control Socket.
[    6.705757] systemd[1]: Listening on systemd-udevd-kernel.socket - udev Kernel Socket.
[    6.746322] systemd[1]: dev-hugepages.mount - Huge Pages File System skipped, unmet condition check ConditionPathExists=/sys/kernel/mm/hugepages
[    6.759756] systemd[1]: Mounting dev-mqueue.mount - POSIX Message Queue File System...
[    6.806295] systemd[1]: Mounting run-lock.mount - Legacy Locks Directory /run/lock...
[    6.864503] systemd[1]: Mounting sys-kernel-debug.mount - Kernel Debug File System...
[    6.920360] systemd[1]: Mounting sys-kernel-tracing.mount - Kernel Trace File System...
[    6.955427] systemd[1]: auth-rpcgss-module.service - Kernel Module supporting RPCSEC_GSS skipped, unmet condition check ConditionPathExists=/etc/krb5.keytab
[    6.972055] systemd[1]: Starting disable-onboard-sata-eth.service - Disable unstable onboard SATA and atl1c Ethernet controllers (both buggy & not-used)...
[    7.080523] systemd[1]: Starting keyboard-setup.service - Set the console keyboard layout...
[    7.131341] systemd[1]: Starting kmod-static-nodes.service - Create List of Static Device Nodes...
[    7.189238] systemd[1]: Starting modprobe@configfs.service - Load Kernel Module configfs...
[    7.242559] systemd[1]: Starting modprobe@drm.service - Load Kernel Module drm...
[    7.316789] systemd[1]: Starting modprobe@efi_pstore.service - Load Kernel Module efi_pstore...
[    7.375955] systemd[1]: Starting modprobe@fuse.service - Load Kernel Module fuse...
[    7.426474] systemd[1]: systemd-hibernate-clear.service - Clear Stale Hibernate Storage Info skipped, unmet condition check ConditionPathExists=/sys/firmware/efi/efivars/HibernateLocation-8cf2644b-4b0b-428f-9387-6d876050dc67
[    7.455032] systemd[1]: Starting systemd-journald.service - Journal Service...
[    7.514862] systemd[1]: Starting systemd-modules-load.service - Load Kernel Modules...
[    7.554640] systemd[1]: systemd-pcrmachine.service - TPM PCR Machine ID Measurement skipped, unmet condition check ConditionSecurity=measured-uki
[    7.573047] systemd[1]: Starting systemd-remount-fs.service - Remount Root and Kernel File Systems...
[    7.645550] systemd[1]: systemd-tpm2-setup-early.service - Early TPM SRK Setup skipped, unmet condition check ConditionSecurity=measured-uki
[    7.675008] systemd[1]: Starting systemd-udev-load-credentials.service - Load udev Rules from Credentials...
[    7.735617] systemd[1]: Starting systemd-udev-trigger.service - Coldplug All udev Devices...
[    7.779340] systemd[1]: Mounted dev-mqueue.mount - POSIX Message Queue File System.
[    7.832338] systemd[1]: Mounted run-lock.mount - Legacy Locks Directory /run/lock.
[    7.886163] systemd[1]: Mounted sys-kernel-debug.mount - Kernel Debug File System.
[    7.933111] systemd-journald[168]: Collecting audit messages is disabled.
[    7.967643] systemd[1]: Mounted sys-kernel-tracing.mount - Kernel Trace File System.
[    8.008646] systemd[1]: Finished disable-onboard-sata-eth.service - Disable unstable onboard SATA and atl1c Ethernet controllers (both buggy & not-used).
[    8.086545] systemd[1]: Finished keyboard-setup.service - Set the console keyboard layout.
[    8.144102] systemd[1]: Finished kmod-static-nodes.service - Create List of Static Device Nodes.
[    8.198974] systemd[1]: modprobe@configfs.service: Deactivated successfully.
[    8.201405] systemd[1]: Finished modprobe@configfs.service - Load Kernel Module configfs.
[    8.248480] systemd[1]: modprobe@drm.service: Deactivated successfully.
[    8.250913] systemd[1]: Finished modprobe@drm.service - Load Kernel Module drm.
[    8.298435] systemd[1]: modprobe@efi_pstore.service: Deactivated successfully.
[    8.300945] systemd[1]: Finished modprobe@efi_pstore.service - Load Kernel Module efi_pstore.
[    8.348475] systemd[1]: modprobe@fuse.service: Deactivated successfully.
[    8.350914] systemd[1]: Finished modprobe@fuse.service - Load Kernel Module fuse.
[    8.398642] systemd[1]: Finished systemd-modules-load.service - Load Kernel Modules.
[    8.438751] systemd[1]: Finished systemd-remount-fs.service - Remount Root and Kernel File Systems.
[    8.479380] systemd[1]: Finished systemd-udev-load-credentials.service - Load udev Rules from Credentials.
[    8.530621] systemd[1]: Started systemd-journald.service - Journal Service.
[    8.875747] Adding 2097148k swap on /swapfile.img.  Priority:-2 extents:19 across:2736128k SS
[    9.105780] systemd-journald[168]: Received client request to flush runtime journal.
[   10.963867] random: crng init done
[   14.282786] rtc-pm8xxx 500000.ssbi:pmic:rtc@11d: registered as rtc0
[   14.282937] rtc-pm8xxx 500000.ssbi:pmic:rtc@11d: setting system clock to 2026-09-23T03:27:10 UTC (1790134030)
[   20.443824] NET: Registered PF_QIPCRTR protocol family
[   36.812603] Initializing XFRM netlink socket
[   39.989746] br-ff4d36af7bfc: port 1(veth08c1dc5) entered blocking state
[   39.989813] br-ff4d36af7bfc: port 1(veth08c1dc5) entered disabled state
[   40.003558] veth08c1dc5: entered allmulticast mode
[   40.005891] veth08c1dc5: entered promiscuous mode
[   40.388980] eth0: renamed from veth259e56d
[   40.441872] br-ff4d36af7bfc: port 1(veth08c1dc5) entered blocking state
[   40.441937] br-ff4d36af7bfc: port 1(veth08c1dc5) entered forwarding state
